00:02:19:644  WARN 10668 --- [user-api] [Thread-2] c.a.n.common.executor.ThreadPoolManager  : [ThreadPoolManager] Start destroying ThreadPool
00:02:19:644  WARN 10668 --- [user-api] [Thread-18] c.a.n.common.http.HttpClientBeanHolder   : [HttpClientBeanHolder] Start destroying common HttpClient
00:02:19:644  WARN 10668 --- [user-api] [Thread-16] c.a.nacos.common.notify.NotifyCenter     : [NotifyCenter] Start destroying Publisher
00:02:19:657  WARN 10668 --- [user-api] [Thread-16] c.a.nacos.common.notify.NotifyCenter     : [NotifyCenter] Destruction of the end
00:02:19:659  WARN 10668 --- [user-api] [Thread-2] c.a.n.common.executor.ThreadPoolManager  : [ThreadPoolManager] Destruction of the end
00:02:19:665  WARN 10668 --- [user-api] [Thread-18] c.a.n.common.http.HttpClientBeanHolder   : [HttpClientBeanHolder] Destruction of the end
00:02:19:679  INFO 10668 --- [user-api] [SpringApplicationShutdownHook] c.a.c.n.registry.NacosServiceRegistry    : De-registering from Nacos Server now...
00:02:19:697  INFO 10668 --- [user-api] [SpringApplicationShutdownHook] c.a.c.n.registry.NacosServiceRegistry    : De-registration finished.
00:02:23:346  INFO 24536 --- [user-api] [main] c.a.nacos.client.logging.NacosLogging    : Nacos Logging Adapter Builder: com.alibaba.nacos.logger.adapter.logback12.LogbackNacosLoggingAdapterBuilder
00:02:23:353  INFO 24536 --- [user-api] [main] c.a.nacos.client.logging.NacosLogging    : Nacos Logging Adapter Builder: com.alibaba.nacos.logger.adapter.logback14.LogbackNacosLoggingAdapterBuilder
00:02:23:354  INFO 24536 --- [user-api] [main] c.a.nacos.client.logging.NacosLogging    : Nacos Logging Adapter: com.alibaba.nacos.logger.adapter.logback14.LogbackNacosLoggingAdapter match ch.qos.logback.classic.Logger success.
00:02:23:361  INFO 24536 --- [user-api] [main] c.a.nacos.client.logging.NacosLogging    : Nacos Logging Adapter Builder: com.alibaba.nacos.logger.adapter.log4j2.Log4j2NacosLoggingAdapterBuilder
00:02:23:560  INFO 24536 --- [user-api] [main] com.george.userapi.UserApiApplication    : Starting UserApiApplication using Java 21.0.11 with PID 24536 (E:\download\SpringCloud\day02-Docker\Source\hmall\hm-user\user-api\target\classes started by lindu in E:\download\SpringCloud\day02-Docker\Source\hmall)
00:02:23:561  INFO 24536 --- [user-api] [main] com.george.userapi.UserApiApplication    : The following 1 profile is active: "local"
00:02:24:148  INFO 24536 --- [user-api] [main] .s.d.r.c.RepositoryConfigurationDelegate : Multiple Spring Data modules found, entering strict repository configuration mode
00:02:24:150  INFO 24536 --- [user-api] [main] .s.d.r.c.RepositoryConfigurationDelegate : Bootstrapping Spring Data Redis repositories in DEFAULT mode.
00:02:24:172  INFO 24536 --- [user-api] [main] .s.d.r.c.RepositoryConfigurationDelegate : Finished Spring Data repository scanning in 9 ms. Found 0 Redis repository interfaces.
00:02:24:362  INFO 24536 --- [user-api] [main] o.s.cloud.context.scope.GenericScope     : BeanFactory id=0024363e-9c10-313b-9724-6a8811f06ac0
00:02:24:615  INFO 24536 --- [user-api] [main] o.s.b.w.embedded.tomcat.TomcatWebServer  : Tomcat initialized with port 9008 (http)
00:02:24:629  INFO 24536 --- [user-api] [main] o.apache.catalina.core.StandardService   : Starting service [Tomcat]
00:02:24:631  INFO 24536 --- [user-api] [main] o.apache.catalina.core.StandardEngine    : Starting Servlet engine: [Apache Tomcat/10.1.55]
00:02:24:698  INFO 24536 --- [user-api] [main] o.a.c.c.C.[Tomcat].[localhost].[/]       : Initializing Spring embedded WebApplicationContext
00:02:24:698  INFO 24536 --- [user-api] [main] w.s.c.ServletWebServerApplicationContext : Root WebApplicationContext: initialization completed in 1094 ms
00:02:25:613  INFO 24536 --- [user-api] [main] o.s.b.w.embedded.tomcat.TomcatWebServer  : Tomcat started on port 9008 (http) with context path '/'
00:02:25:655  INFO 24536 --- [user-api] [main] c.a.n.p.a.s.c.ClientAuthPluginManager    : [ClientAuthPluginManager] Load ClientAuthService com.alibaba.nacos.client.auth.impl.NacosClientAuthServiceImpl success.
00:02:25:655  INFO 24536 --- [user-api] [main] c.a.n.p.a.s.c.ClientAuthPluginManager    : [ClientAuthPluginManager] Load ClientAuthService com.alibaba.nacos.client.auth.ram.RamClientAuthServiceImpl success.
00:02:26:283  INFO 24536 --- [user-api] [main] c.a.n.c.a.AbstractAbilityControlManager  : Ready to get current node abilities...
00:02:26:284  INFO 24536 --- [user-api] [main] c.a.n.c.a.AbstractAbilityControlManager  : Ready to initialize current node abilities, support modes: [SDK_CLIENT]
00:02:26:285  INFO 24536 --- [user-api] [main] c.a.n.c.a.AbstractAbilityControlManager  : Initialize current abilities finish...
00:02:26:286  INFO 24536 --- [user-api] [main] c.a.n.c.a.d.NacosAbilityManagerHolder    : [AbilityControlManager] Successfully initialize AbilityControlManager
00:02:26:325  INFO 24536 --- [user-api] [main] c.a.c.n.registry.NacosServiceRegistry    : nacos registry, DEFAULT_GROUP user-api 192.168.108.1:9008 register finished
00:02:26:337  INFO 24536 --- [user-api] [main] com.george.userapi.UserApiApplication    : Started UserApiApplication in 3.542 seconds (process running for 4.368)
00:38:43:961  WARN 24536 --- [user-api] [Thread-2] c.a.n.common.executor.ThreadPoolManager  : [ThreadPoolManager] Start destroying ThreadPool
00:38:43:961  WARN 24536 --- [user-api] [Thread-16] c.a.nacos.common.notify.NotifyCenter     : [NotifyCenter] Start destroying Publisher
00:38:43:961  WARN 24536 --- [user-api] [Thread-18] c.a.n.common.http.HttpClientBeanHolder   : [HttpClientBeanHolder] Start destroying common HttpClient
00:38:43:962  WARN 24536 --- [user-api] [Thread-16] c.a.nacos.common.notify.NotifyCenter     : [NotifyCenter] Destruction of the end
00:38:43:962  WARN 24536 --- [user-api] [Thread-2] c.a.n.common.executor.ThreadPoolManager  : [ThreadPoolManager] Destruction of the end
00:38:43:962  WARN 24536 --- [user-api] [Thread-18] c.a.n.common.http.HttpClientBeanHolder   : [HttpClientBeanHolder] Destruction of the end
00:38:43:963  INFO 24536 --- [user-api] [SpringApplicationShutdownHook] c.a.c.n.registry.NacosServiceRegistry    : De-registering from Nacos Server now...
00:38:43:969  INFO 24536 --- [user-api] [SpringApplicationShutdownHook] c.a.c.n.registry.NacosServiceRegistry    : De-registration finished.
00:38:48:572  INFO 23848 --- [user-api] [main] c.a.nacos.client.logging.NacosLogging    : Nacos Logging Adapter Builder: com.alibaba.nacos.logger.adapter.logback12.LogbackNacosLoggingAdapterBuilder
00:38:48:583  INFO 23848 --- [user-api] [main] c.a.nacos.client.logging.NacosLogging    : Nacos Logging Adapter Builder: com.alibaba.nacos.logger.adapter.logback14.LogbackNacosLoggingAdapterBuilder
00:38:48:584  INFO 23848 --- [user-api] [main] c.a.nacos.client.logging.NacosLogging    : Nacos Logging Adapter: com.alibaba.nacos.logger.adapter.logback14.LogbackNacosLoggingAdapter match ch.qos.logback.classic.Logger success.
00:38:48:592  INFO 23848 --- [user-api] [main] c.a.nacos.client.logging.NacosLogging    : Nacos Logging Adapter Builder: com.alibaba.nacos.logger.adapter.log4j2.Log4j2NacosLoggingAdapterBuilder
00:38:48:862  INFO 23848 --- [user-api] [main] com.george.userapi.UserApiApplication    : Starting UserApiApplication using Java 21.0.11 with PID 23848 (E:\download\SpringCloud\day02-Docker\Source\hmall\hm-user\user-api\target\classes started by lindu in E:\download\SpringCloud\day02-Docker\Source\hmall)
00:38:48:863  INFO 23848 --- [user-api] [main] com.george.userapi.UserApiApplication    : The following 1 profile is active: "local"
00:38:49:491  INFO 23848 --- [user-api] [main] .s.d.r.c.RepositoryConfigurationDelegate : Multiple Spring Data modules found, entering strict repository configuration mode
00:38:49:493  INFO 23848 --- [user-api] [main] .s.d.r.c.RepositoryConfigurationDelegate : Bootstrapping Spring Data Redis repositories in DEFAULT mode.
00:38:49:521  INFO 23848 --- [user-api] [main] .s.d.r.c.RepositoryConfigurationDelegate : Finished Spring Data repository scanning in 11 ms. Found 0 Redis repository interfaces.
00:38:49:701  INFO 23848 --- [user-api] [main] o.s.cloud.context.scope.GenericScope     : BeanFactory id=0024363e-9c10-313b-9724-6a8811f06ac0
00:38:49:959  INFO 23848 --- [user-api] [main] o.s.b.w.embedded.tomcat.TomcatWebServer  : Tomcat initialized with port 9008 (http)
00:38:49:975  INFO 23848 --- [user-api] [main] o.apache.catalina.core.StandardService   : Starting service [Tomcat]
00:38:49:976  INFO 23848 --- [user-api] [main] o.apache.catalina.core.StandardEngine    : Starting Servlet engine: [Apache Tomcat/10.1.55]
00:38:50:047  INFO 23848 --- [user-api] [main] o.a.c.c.C.[Tomcat].[localhost].[/]       : Initializing Spring embedded WebApplicationContext
00:38:50:048  INFO 23848 --- [user-api] [main] w.s.c.ServletWebServerApplicationContext : Root WebApplicationContext: initialization completed in 1132 ms
00:38:51:008  INFO 23848 --- [user-api] [main] o.s.b.w.embedded.tomcat.TomcatWebServer  : Tomcat started on port 9008 (http) with context path '/'
00:38:51:053  INFO 23848 --- [user-api] [main] c.a.n.p.a.s.c.ClientAuthPluginManager    : [ClientAuthPluginManager] Load ClientAuthService com.alibaba.nacos.client.auth.impl.NacosClientAuthServiceImpl success.
00:38:51:053  INFO 23848 --- [user-api] [main] c.a.n.p.a.s.c.ClientAuthPluginManager    : [ClientAuthPluginManager] Load ClientAuthService com.alibaba.nacos.client.auth.ram.RamClientAuthServiceImpl success.
00:38:51:638  INFO 23848 --- [user-api] [main] c.a.n.c.a.AbstractAbilityControlManager  : Ready to get current node abilities...
00:38:51:640  INFO 23848 --- [user-api] [main] c.a.n.c.a.AbstractAbilityControlManager  : Ready to initialize current node abilities, support modes: [SDK_CLIENT]
00:38:51:640  INFO 23848 --- [user-api] [main] c.a.n.c.a.AbstractAbilityControlManager  : Initialize current abilities finish...
00:38:51:640  INFO 23848 --- [user-api] [main] c.a.n.c.a.d.NacosAbilityManagerHolder    : [AbilityControlManager] Successfully initialize AbilityControlManager
00:38:51:675  INFO 23848 --- [user-api] [main] c.a.c.n.registry.NacosServiceRegistry    : nacos registry, DEFAULT_GROUP user-api 192.168.108.1:9008 register finished
00:38:51:685  INFO 23848 --- [user-api] [main] com.george.userapi.UserApiApplication    : Started UserApiApplication in 3.733 seconds (process running for 4.558)
00:40:25:669  WARN 23848 --- [user-api] [Thread-18] c.a.n.common.http.HttpClientBeanHolder   : [HttpClientBeanHolder] Start destroying common HttpClient
00:40:25:673  WARN 23848 --- [user-api] [Thread-18] c.a.n.common.http.HttpClientBeanHolder   : [HttpClientBeanHolder] Destruction of the end
00:40:25:674  WARN 23848 --- [user-api] [Thread-2] c.a.n.common.executor.ThreadPoolManager  : [ThreadPoolManager] Start destroying ThreadPool
00:40:25:674  WARN 23848 --- [user-api] [Thread-16] c.a.nacos.common.notify.NotifyCenter     : [NotifyCenter] Start destroying Publisher
00:40:25:675  WARN 23848 --- [user-api] [Thread-2] c.a.n.common.executor.ThreadPoolManager  : [ThreadPoolManager] Destruction of the end
00:40:25:675  WARN 23848 --- [user-api] [Thread-16] c.a.nacos.common.notify.NotifyCenter     : [NotifyCenter] Destruction of the end
00:40:25:676  INFO 23848 --- [user-api] [SpringApplicationShutdownHook] c.a.c.n.registry.NacosServiceRegistry    : De-registering from Nacos Server now...
00:40:25:689  INFO 23848 --- [user-api] [SpringApplicationShutdownHook] c.a.c.n.registry.NacosServiceRegistry    : De-registration finished.
00:40:35:702  INFO 23848 --- [user-api] [SpringApplicationShutdownHook] o.s.b.w.e.tomcat.GracefulShutdown        : Commencing graceful shutdown. Waiting for active requests to complete
00:40:35:706  INFO 23848 --- [user-api] [tomcat-shutdown] o.s.b.w.e.tomcat.GracefulShutdown        : Graceful shutdown complete
