00:00:29:642  INFO 22932 --- [hm-cart] [SpringApplicationShutdownHook] o.s.b.w.e.tomcat.GracefulShutdown        : Commencing graceful shutdown. Waiting for active requests to complete
00:00:29:648  INFO 22932 --- [hm-cart] [tomcat-shutdown] o.s.b.w.e.tomcat.GracefulShutdown        : Graceful shutdown complete
00:00:29:662  INFO 22932 --- [hm-cart] [SpringApplicationShutdownHook] com.zaxxer.hikari.HikariDataSource       : HikariPool-1 - Shutdown initiated...
00:00:29:667  INFO 22932 --- [hm-cart] [SpringApplicationShutdownHook] com.zaxxer.hikari.HikariDataSource       : HikariPool-1 - Shutdown completed.
00:00:33:938  INFO 20924 --- [hm-cart] [main] com.george.cart.CartApplication          : Starting CartApplication using Java 21.0.11 with PID 20924 (E:\download\SpringCloud\day02-Docker\Source\hmall\hm-cart\target\classes started by lindu in E:\download\SpringCloud\day02-Docker\Source\hmall)
00:00:33:945  INFO 20924 --- [hm-cart] [main] com.george.cart.CartApplication          : The following 1 profile is active: "local"
00:00:34:636  INFO 20924 --- [hm-cart] [main] .s.d.r.c.RepositoryConfigurationDelegate : Multiple Spring Data modules found, entering strict repository configuration mode
00:00:34:639  INFO 20924 --- [hm-cart] [main] .s.d.r.c.RepositoryConfigurationDelegate : Bootstrapping Spring Data Redis repositories in DEFAULT mode.
00:00:34:669  INFO 20924 --- [hm-cart] [main] .s.d.r.c.RepositoryConfigurationDelegate : Finished Spring Data repository scanning in 15 ms. Found 0 Redis repository interfaces.
00:00:35:204  INFO 20924 --- [hm-cart] [main] o.s.b.w.embedded.tomcat.TomcatWebServer  : Tomcat initialized with port 9002 (http)
00:00:35:217  INFO 20924 --- [hm-cart] [main] o.apache.catalina.core.StandardService   : Starting service [Tomcat]
00:00:35:218  INFO 20924 --- [hm-cart] [main] o.apache.catalina.core.StandardEngine    : Starting Servlet engine: [Apache Tomcat/10.1.55]
00:00:35:276  INFO 20924 --- [hm-cart] [main] o.a.c.c.C.[Tomcat].[localhost].[/]       : Initializing Spring embedded WebApplicationContext
00:00:35:276  INFO 20924 --- [hm-cart] [main] w.s.c.ServletWebServerApplicationContext : Root WebApplicationContext: initialization completed in 1281 ms
00:00:35:920  INFO 20924 --- [hm-cart] [main] m.e.s.MybatisPlusApplicationContextAware : Register ApplicationContext instances org.springframework.boot.web.servlet.context.AnnotationConfigServletWebServerApplicationContext@77825085
00:00:36:346  INFO 20924 --- [hm-cart] [main] o.s.b.w.embedded.tomcat.TomcatWebServer  : Tomcat started on port 9002 (http) with context path '/'
00:00:36:354  INFO 20924 --- [hm-cart] [main] com.george.cart.CartApplication          : Started CartApplication in 2.98 seconds (process running for 3.594)
00:00:40:785  INFO 20924 --- [hm-cart] [http-nio-9002-exec-1] o.a.c.c.C.[Tomcat].[localhost].[/]       : Initializing Spring DispatcherServlet 'dispatcherServlet'
00:00:40:785  INFO 20924 --- [hm-cart] [http-nio-9002-exec-1] o.s.web.servlet.DispatcherServlet        : Initializing Servlet 'dispatcherServlet'
00:00:40:786  INFO 20924 --- [hm-cart] [http-nio-9002-exec-1] o.s.web.servlet.DispatcherServlet        : Completed initialization in 1 ms
00:00:40:902  INFO 20924 --- [hm-cart] [http-nio-9002-exec-1] com.zaxxer.hikari.HikariDataSource       : HikariPool-1 - Starting...
00:00:41:181  INFO 20924 --- [hm-cart] [http-nio-9002-exec-1] com.zaxxer.hikari.pool.HikariPool        : HikariPool-1 - Added connection com.mysql.cj.jdbc.ConnectionImpl@57552586
00:00:41:183  INFO 20924 --- [hm-cart] [http-nio-9002-exec-1] com.zaxxer.hikari.HikariDataSource       : HikariPool-1 - Start completed.
00:05:48:694  INFO 20924 --- [hm-cart] [SpringApplicationShutdownHook] o.s.b.w.e.tomcat.GracefulShutdown        : Commencing graceful shutdown. Waiting for active requests to complete
00:05:48:698  INFO 20924 --- [hm-cart] [tomcat-shutdown] o.s.b.w.e.tomcat.GracefulShutdown        : Graceful shutdown complete
00:05:48:712  INFO 20924 --- [hm-cart] [SpringApplicationShutdownHook] com.zaxxer.hikari.HikariDataSource       : HikariPool-1 - Shutdown initiated...
00:05:48:716  INFO 20924 --- [hm-cart] [SpringApplicationShutdownHook] com.zaxxer.hikari.HikariDataSource       : HikariPool-1 - Shutdown completed.
00:05:53:832  INFO 9260 --- [hm-cart] [main] com.george.cart.CartApplication          : Starting CartApplication using Java 21.0.11 with PID 9260 (E:\download\SpringCloud\day02-Docker\Source\hmall\hm-cart\target\classes started by lindu in E:\download\SpringCloud\day02-Docker\Source\hmall)
00:05:53:834  INFO 9260 --- [hm-cart] [main] com.george.cart.CartApplication          : The following 1 profile is active: "local"
00:05:54:547  INFO 9260 --- [hm-cart] [main] .s.d.r.c.RepositoryConfigurationDelegate : Multiple Spring Data modules found, entering strict repository configuration mode
00:05:54:550  INFO 9260 --- [hm-cart] [main] .s.d.r.c.RepositoryConfigurationDelegate : Bootstrapping Spring Data Redis repositories in DEFAULT mode.
00:05:54:581  INFO 9260 --- [hm-cart] [main] .s.d.r.c.RepositoryConfigurationDelegate : Finished Spring Data repository scanning in 15 ms. Found 0 Redis repository interfaces.
00:05:55:135  INFO 9260 --- [hm-cart] [main] o.s.b.w.embedded.tomcat.TomcatWebServer  : Tomcat initialized with port 9002 (http)
00:05:55:152  INFO 9260 --- [hm-cart] [main] o.apache.catalina.core.StandardService   : Starting service [Tomcat]
00:05:55:153  INFO 9260 --- [hm-cart] [main] o.apache.catalina.core.StandardEngine    : Starting Servlet engine: [Apache Tomcat/10.1.55]
00:05:55:219  INFO 9260 --- [hm-cart] [main] o.a.c.c.C.[Tomcat].[localhost].[/]       : Initializing Spring embedded WebApplicationContext
00:05:55:220  INFO 9260 --- [hm-cart] [main] w.s.c.ServletWebServerApplicationContext : Root WebApplicationContext: initialization completed in 1339 ms
00:05:55:906  INFO 9260 --- [hm-cart] [main] m.e.s.MybatisPlusApplicationContextAware : Register ApplicationContext instances org.springframework.boot.web.servlet.context.AnnotationConfigServletWebServerApplicationContext@77825085
00:05:56:337  INFO 9260 --- [hm-cart] [main] o.s.b.w.embedded.tomcat.TomcatWebServer  : Tomcat started on port 9002 (http) with context path '/'
00:05:56:345  INFO 9260 --- [hm-cart] [main] com.george.cart.CartApplication          : Started CartApplication in 3.058 seconds (process running for 3.635)
00:06:11:027  INFO 9260 --- [hm-cart] [http-nio-9002-exec-1] o.a.c.c.C.[Tomcat].[localhost].[/]       : Initializing Spring DispatcherServlet 'dispatcherServlet'
00:06:11:028  INFO 9260 --- [hm-cart] [http-nio-9002-exec-1] o.s.web.servlet.DispatcherServlet        : Initializing Servlet 'dispatcherServlet'
00:06:11:029  INFO 9260 --- [hm-cart] [http-nio-9002-exec-1] o.s.web.servlet.DispatcherServlet        : Completed initialization in 1 ms
00:06:11:143  INFO 9260 --- [hm-cart] [http-nio-9002-exec-1] com.zaxxer.hikari.HikariDataSource       : HikariPool-1 - Starting...
00:06:11:493  INFO 9260 --- [hm-cart] [http-nio-9002-exec-1] com.zaxxer.hikari.pool.HikariPool        : HikariPool-1 - Added connection com.mysql.cj.jdbc.ConnectionImpl@4df295e8
00:06:11:495  INFO 9260 --- [hm-cart] [http-nio-9002-exec-1] com.zaxxer.hikari.HikariDataSource       : HikariPool-1 - Start completed.
00:08:34:411  INFO 9260 --- [hm-cart] [SpringApplicationShutdownHook] o.s.b.w.e.tomcat.GracefulShutdown        : Commencing graceful shutdown. Waiting for active requests to complete
00:08:34:415  INFO 9260 --- [hm-cart] [tomcat-shutdown] o.s.b.w.e.tomcat.GracefulShutdown        : Graceful shutdown complete
00:08:34:429  INFO 9260 --- [hm-cart] [SpringApplicationShutdownHook] com.zaxxer.hikari.HikariDataSource       : HikariPool-1 - Shutdown initiated...
00:08:34:434  INFO 9260 --- [hm-cart] [SpringApplicationShutdownHook] com.zaxxer.hikari.HikariDataSource       : HikariPool-1 - Shutdown completed.
00:08:36:944  INFO 3988 --- [hm-cart] [main] com.george.cart.CartApplication          : Starting CartApplication using Java 21.0.11 with PID 3988 (E:\download\SpringCloud\day02-Docker\Source\hmall\hm-cart\target\classes started by lindu in E:\download\SpringCloud\day02-Docker\Source\hmall)
00:08:36:946  INFO 3988 --- [hm-cart] [main] com.george.cart.CartApplication          : The following 1 profile is active: "local"
00:08:37:620  INFO 3988 --- [hm-cart] [main] .s.d.r.c.RepositoryConfigurationDelegate : Multiple Spring Data modules found, entering strict repository configuration mode
00:08:37:622  INFO 3988 --- [hm-cart] [main] .s.d.r.c.RepositoryConfigurationDelegate : Bootstrapping Spring Data Redis repositories in DEFAULT mode.
00:08:37:653  INFO 3988 --- [hm-cart] [main] .s.d.r.c.RepositoryConfigurationDelegate : Finished Spring Data repository scanning in 16 ms. Found 0 Redis repository interfaces.
00:08:38:162  INFO 3988 --- [hm-cart] [main] o.s.b.w.embedded.tomcat.TomcatWebServer  : Tomcat initialized with port 9002 (http)
00:08:38:190  INFO 3988 --- [hm-cart] [main] o.apache.catalina.core.StandardService   : Starting service [Tomcat]
00:08:38:190  INFO 3988 --- [hm-cart] [main] o.apache.catalina.core.StandardEngine    : Starting Servlet engine: [Apache Tomcat/10.1.55]
00:08:38:249  INFO 3988 --- [hm-cart] [main] o.a.c.c.C.[Tomcat].[localhost].[/]       : Initializing Spring embedded WebApplicationContext
00:08:38:249  INFO 3988 --- [hm-cart] [main] w.s.c.ServletWebServerApplicationContext : Root WebApplicationContext: initialization completed in 1264 ms
00:08:38:875  INFO 3988 --- [hm-cart] [main] m.e.s.MybatisPlusApplicationContextAware : Register ApplicationContext instances org.springframework.boot.web.servlet.context.AnnotationConfigServletWebServerApplicationContext@77825085
00:08:39:287  INFO 3988 --- [hm-cart] [main] o.s.b.w.embedded.tomcat.TomcatWebServer  : Tomcat started on port 9002 (http) with context path '/'
00:08:39:295  INFO 3988 --- [hm-cart] [main] com.george.cart.CartApplication          : Started CartApplication in 2.967 seconds (process running for 3.644)
00:08:52:999  INFO 3988 --- [hm-cart] [http-nio-9002-exec-1] o.a.c.c.C.[Tomcat].[localhost].[/]       : Initializing Spring DispatcherServlet 'dispatcherServlet'
00:08:53:000  INFO 3988 --- [hm-cart] [http-nio-9002-exec-1] o.s.web.servlet.DispatcherServlet        : Initializing Servlet 'dispatcherServlet'
00:08:53:003  INFO 3988 --- [hm-cart] [http-nio-9002-exec-1] o.s.web.servlet.DispatcherServlet        : Completed initialization in 2 ms
00:08:53:135  INFO 3988 --- [hm-cart] [http-nio-9002-exec-1] com.zaxxer.hikari.HikariDataSource       : HikariPool-1 - Starting...
00:08:53:435  INFO 3988 --- [hm-cart] [http-nio-9002-exec-1] com.zaxxer.hikari.pool.HikariPool        : HikariPool-1 - Added connection com.mysql.cj.jdbc.ConnectionImpl@1bac25c9
00:08:53:437  INFO 3988 --- [hm-cart] [http-nio-9002-exec-1] com.zaxxer.hikari.HikariDataSource       : HikariPool-1 - Start completed.
00:11:03:778  INFO 3988 --- [hm-cart] [SpringApplicationShutdownHook] o.s.b.w.e.tomcat.GracefulShutdown        : Commencing graceful shutdown. Waiting for active requests to complete
00:11:03:783  INFO 3988 --- [hm-cart] [tomcat-shutdown] o.s.b.w.e.tomcat.GracefulShutdown        : Graceful shutdown complete
00:11:03:799  INFO 3988 --- [hm-cart] [SpringApplicationShutdownHook] com.zaxxer.hikari.HikariDataSource       : HikariPool-1 - Shutdown initiated...
00:11:03:805  INFO 3988 --- [hm-cart] [SpringApplicationShutdownHook] com.zaxxer.hikari.HikariDataSource       : HikariPool-1 - Shutdown completed.
00:11:08:588  INFO 22712 --- [hm-cart] [main] com.george.cart.CartApplication          : Starting CartApplication using Java 21.0.11 with PID 22712 (E:\download\SpringCloud\day02-Docker\Source\hmall\hm-cart\target\classes started by lindu in E:\download\SpringCloud\day02-Docker\Source\hmall)
00:11:08:590  INFO 22712 --- [hm-cart] [main] com.george.cart.CartApplication          : The following 1 profile is active: "local"
00:11:09:312  INFO 22712 --- [hm-cart] [main] .s.d.r.c.RepositoryConfigurationDelegate : Multiple Spring Data modules found, entering strict repository configuration mode
00:11:09:314  INFO 22712 --- [hm-cart] [main] .s.d.r.c.RepositoryConfigurationDelegate : Bootstrapping Spring Data Redis repositories in DEFAULT mode.
00:11:09:342  INFO 22712 --- [hm-cart] [main] .s.d.r.c.RepositoryConfigurationDelegate : Finished Spring Data repository scanning in 14 ms. Found 0 Redis repository interfaces.
00:11:09:973  INFO 22712 --- [hm-cart] [main] o.s.b.w.embedded.tomcat.TomcatWebServer  : Tomcat initialized with port 9002 (http)
00:11:09:987  INFO 22712 --- [hm-cart] [main] o.apache.catalina.core.StandardService   : Starting service [Tomcat]
00:11:09:988  INFO 22712 --- [hm-cart] [main] o.apache.catalina.core.StandardEngine    : Starting Servlet engine: [Apache Tomcat/10.1.55]
00:11:10:055  INFO 22712 --- [hm-cart] [main] o.a.c.c.C.[Tomcat].[localhost].[/]       : Initializing Spring embedded WebApplicationContext
00:11:10:055  INFO 22712 --- [hm-cart] [main] w.s.c.ServletWebServerApplicationContext : Root WebApplicationContext: initialization completed in 1417 ms
00:11:10:717  INFO 22712 --- [hm-cart] [main] m.e.s.MybatisPlusApplicationContextAware : Register ApplicationContext instances org.springframework.boot.web.servlet.context.AnnotationConfigServletWebServerApplicationContext@77825085
00:11:11:148  INFO 22712 --- [hm-cart] [main] o.s.b.w.embedded.tomcat.TomcatWebServer  : Tomcat started on port 9002 (http) with context path '/'
00:11:11:156  INFO 22712 --- [hm-cart] [main] com.george.cart.CartApplication          : Started CartApplication in 3.078 seconds (process running for 3.62)
00:11:41:011  INFO 22712 --- [hm-cart] [http-nio-9002-exec-1] o.a.c.c.C.[Tomcat].[localhost].[/]       : Initializing Spring DispatcherServlet 'dispatcherServlet'
00:11:41:012  INFO 22712 --- [hm-cart] [http-nio-9002-exec-1] o.s.web.servlet.DispatcherServlet        : Initializing Servlet 'dispatcherServlet'
00:11:41:013  INFO 22712 --- [hm-cart] [http-nio-9002-exec-1] o.s.web.servlet.DispatcherServlet        : Completed initialization in 1 ms
00:11:41:144  INFO 22712 --- [hm-cart] [http-nio-9002-exec-1] com.zaxxer.hikari.HikariDataSource       : HikariPool-1 - Starting...
00:11:41:423  INFO 22712 --- [hm-cart] [http-nio-9002-exec-1] com.zaxxer.hikari.pool.HikariPool        : HikariPool-1 - Added connection com.mysql.cj.jdbc.ConnectionImpl@5a1e1e1c
00:11:41:424  INFO 22712 --- [hm-cart] [http-nio-9002-exec-1] com.zaxxer.hikari.HikariDataSource       : HikariPool-1 - Start completed.
00:11:55:361  INFO 22712 --- [hm-cart] [SpringApplicationShutdownHook] o.s.b.w.e.tomcat.GracefulShutdown        : Commencing graceful shutdown. Waiting for active requests to complete
00:11:55:364  INFO 22712 --- [hm-cart] [tomcat-shutdown] o.s.b.w.e.tomcat.GracefulShutdown        : Graceful shutdown complete
00:11:55:379  INFO 22712 --- [hm-cart] [SpringApplicationShutdownHook] com.zaxxer.hikari.HikariDataSource       : HikariPool-1 - Shutdown initiated...
00:11:55:384  INFO 22712 --- [hm-cart] [SpringApplicationShutdownHook] com.zaxxer.hikari.HikariDataSource       : HikariPool-1 - Shutdown completed.
00:11:57:771  INFO 884 --- [hm-cart] [main] com.george.cart.CartApplication          : Starting CartApplication using Java 21.0.11 with PID 884 (E:\download\SpringCloud\day02-Docker\Source\hmall\hm-cart\target\classes started by lindu in E:\download\SpringCloud\day02-Docker\Source\hmall)
00:11:57:773  INFO 884 --- [hm-cart] [main] com.george.cart.CartApplication          : The following 1 profile is active: "local"
00:11:58:461  INFO 884 --- [hm-cart] [main] .s.d.r.c.RepositoryConfigurationDelegate : Multiple Spring Data modules found, entering strict repository configuration mode
00:11:58:463  INFO 884 --- [hm-cart] [main] .s.d.r.c.RepositoryConfigurationDelegate : Bootstrapping Spring Data Redis repositories in DEFAULT mode.
00:11:58:492  INFO 884 --- [hm-cart] [main] .s.d.r.c.RepositoryConfigurationDelegate : Finished Spring Data repository scanning in 15 ms. Found 0 Redis repository interfaces.
00:11:59:009  INFO 884 --- [hm-cart] [main] o.s.b.w.embedded.tomcat.TomcatWebServer  : Tomcat initialized with port 9002 (http)
00:11:59:023  INFO 884 --- [hm-cart] [main] o.apache.catalina.core.StandardService   : Starting service [Tomcat]
00:11:59:024  INFO 884 --- [hm-cart] [main] o.apache.catalina.core.StandardEngine    : Starting Servlet engine: [Apache Tomcat/10.1.55]
00:11:59:097  INFO 884 --- [hm-cart] [main] o.a.c.c.C.[Tomcat].[localhost].[/]       : Initializing Spring embedded WebApplicationContext
00:11:59:097  INFO 884 --- [hm-cart] [main] w.s.c.ServletWebServerApplicationContext : Root WebApplicationContext: initialization completed in 1284 ms
00:11:59:743  INFO 884 --- [hm-cart] [main] m.e.s.MybatisPlusApplicationContextAware : Register ApplicationContext instances org.springframework.boot.web.servlet.context.AnnotationConfigServletWebServerApplicationContext@77825085
00:12:00:164  INFO 884 --- [hm-cart] [main] o.s.b.w.embedded.tomcat.TomcatWebServer  : Tomcat started on port 9002 (http) with context path '/'
00:12:00:172  INFO 884 --- [hm-cart] [main] com.george.cart.CartApplication          : Started CartApplication in 2.903 seconds (process running for 3.619)
00:12:12:416  INFO 884 --- [hm-cart] [http-nio-9002-exec-1] o.a.c.c.C.[Tomcat].[localhost].[/]       : Initializing Spring DispatcherServlet 'dispatcherServlet'
00:12:12:417  INFO 884 --- [hm-cart] [http-nio-9002-exec-1] o.s.web.servlet.DispatcherServlet        : Initializing Servlet 'dispatcherServlet'
00:12:12:418  INFO 884 --- [hm-cart] [http-nio-9002-exec-1] o.s.web.servlet.DispatcherServlet        : Completed initialization in 1 ms
00:12:12:526  INFO 884 --- [hm-cart] [http-nio-9002-exec-1] com.zaxxer.hikari.HikariDataSource       : HikariPool-1 - Starting...
00:12:12:828  INFO 884 --- [hm-cart] [http-nio-9002-exec-1] com.zaxxer.hikari.pool.HikariPool        : HikariPool-1 - Added connection com.mysql.cj.jdbc.ConnectionImpl@4aac46bc
00:12:12:830  INFO 884 --- [hm-cart] [http-nio-9002-exec-1] com.zaxxer.hikari.HikariDataSource       : HikariPool-1 - Start completed.
00:17:02:113  INFO 884 --- [hm-cart] [SpringApplicationShutdownHook] o.s.b.w.e.tomcat.GracefulShutdown        : Commencing graceful shutdown. Waiting for active requests to complete
00:17:02:117  INFO 884 --- [hm-cart] [tomcat-shutdown] o.s.b.w.e.tomcat.GracefulShutdown        : Graceful shutdown complete
00:17:02:130  INFO 884 --- [hm-cart] [SpringApplicationShutdownHook] com.zaxxer.hikari.HikariDataSource       : HikariPool-1 - Shutdown initiated...
00:17:02:135  INFO 884 --- [hm-cart] [SpringApplicationShutdownHook] com.zaxxer.hikari.HikariDataSource       : HikariPool-1 - Shutdown completed.
00:17:06:046  INFO 22680 --- [hm-cart] [main] com.george.cart.CartApplication          : Starting CartApplication using Java 21.0.11 with PID 22680 (E:\download\SpringCloud\day02-Docker\Source\hmall\hm-cart\target\classes started by lindu in E:\download\SpringCloud\day02-Docker\Source\hmall)
00:17:06:048  INFO 22680 --- [hm-cart] [main] com.george.cart.CartApplication          : The following 1 profile is active: "local"
00:17:06:771  INFO 22680 --- [hm-cart] [main] .s.d.r.c.RepositoryConfigurationDelegate : Multiple Spring Data modules found, entering strict repository configuration mode
00:17:06:774  INFO 22680 --- [hm-cart] [main] .s.d.r.c.RepositoryConfigurationDelegate : Bootstrapping Spring Data Redis repositories in DEFAULT mode.
00:17:06:805  INFO 22680 --- [hm-cart] [main] .s.d.r.c.RepositoryConfigurationDelegate : Finished Spring Data repository scanning in 15 ms. Found 0 Redis repository interfaces.
00:17:07:398  INFO 22680 --- [hm-cart] [main] o.s.b.w.embedded.tomcat.TomcatWebServer  : Tomcat initialized with port 9002 (http)
00:17:07:420  INFO 22680 --- [hm-cart] [main] o.apache.catalina.core.StandardService   : Starting service [Tomcat]
00:17:07:421  INFO 22680 --- [hm-cart] [main] o.apache.catalina.core.StandardEngine    : Starting Servlet engine: [Apache Tomcat/10.1.55]
00:17:07:494  INFO 22680 --- [hm-cart] [main] o.a.c.c.C.[Tomcat].[localhost].[/]       : Initializing Spring embedded WebApplicationContext
00:17:07:495  INFO 22680 --- [hm-cart] [main] w.s.c.ServletWebServerApplicationContext : Root WebApplicationContext: initialization completed in 1400 ms
00:17:08:168  INFO 22680 --- [hm-cart] [main] m.e.s.MybatisPlusApplicationContextAware : Register ApplicationContext instances org.springframework.boot.web.servlet.context.AnnotationConfigServletWebServerApplicationContext@3568f9d2
00:17:08:590  INFO 22680 --- [hm-cart] [main] o.s.b.w.embedded.tomcat.TomcatWebServer  : Tomcat started on port 9002 (http) with context path '/'
00:17:08:598  INFO 22680 --- [hm-cart] [main] com.george.cart.CartApplication          : Started CartApplication in 3.06 seconds (process running for 3.615)
00:17:23:981  INFO 22680 --- [hm-cart] [http-nio-9002-exec-1] o.a.c.c.C.[Tomcat].[localhost].[/]       : Initializing Spring DispatcherServlet 'dispatcherServlet'
00:17:23:982  INFO 22680 --- [hm-cart] [http-nio-9002-exec-1] o.s.web.servlet.DispatcherServlet        : Initializing Servlet 'dispatcherServlet'
00:17:23:983  INFO 22680 --- [hm-cart] [http-nio-9002-exec-1] o.s.web.servlet.DispatcherServlet        : Completed initialization in 1 ms
00:17:24:100  INFO 22680 --- [hm-cart] [http-nio-9002-exec-1] com.zaxxer.hikari.HikariDataSource       : HikariPool-1 - Starting...
00:17:24:405  INFO 22680 --- [hm-cart] [http-nio-9002-exec-1] com.zaxxer.hikari.pool.HikariPool        : HikariPool-1 - Added connection com.mysql.cj.jdbc.ConnectionImpl@5a1e1e1c
00:17:24:407  INFO 22680 --- [hm-cart] [http-nio-9002-exec-1] com.zaxxer.hikari.HikariDataSource       : HikariPool-1 - Start completed.
01:34:16:081  INFO 22680 --- [hm-cart] [SpringApplicationShutdownHook] o.s.b.w.e.tomcat.GracefulShutdown        : Commencing graceful shutdown. Waiting for active requests to complete
01:34:16:105  INFO 22680 --- [hm-cart] [tomcat-shutdown] o.s.b.w.e.tomcat.GracefulShutdown        : Graceful shutdown complete
01:34:16:203  INFO 22680 --- [hm-cart] [SpringApplicationShutdownHook] com.zaxxer.hikari.HikariDataSource       : HikariPool-1 - Shutdown initiated...
01:34:16:213  INFO 22680 --- [hm-cart] [SpringApplicationShutdownHook] com.zaxxer.hikari.HikariDataSource       : HikariPool-1 - Shutdown completed.
14:39:21:092  INFO 20740 --- [hm-cart] [main] c.a.nacos.client.logging.NacosLogging    : Nacos Logging Adapter Builder: com.alibaba.nacos.logger.adapter.logback12.LogbackNacosLoggingAdapterBuilder
14:39:21:105  INFO 20740 --- [hm-cart] [main] c.a.nacos.client.logging.NacosLogging    : Nacos Logging Adapter Builder: com.alibaba.nacos.logger.adapter.logback14.LogbackNacosLoggingAdapterBuilder
14:39:21:106  INFO 20740 --- [hm-cart] [main] c.a.nacos.client.logging.NacosLogging    : Nacos Logging Adapter: com.alibaba.nacos.logger.adapter.logback14.LogbackNacosLoggingAdapter match ch.qos.logback.classic.Logger success.
14:39:21:111  INFO 20740 --- [hm-cart] [main] c.a.nacos.client.logging.NacosLogging    : Nacos Logging Adapter Builder: com.alibaba.nacos.logger.adapter.log4j2.Log4j2NacosLoggingAdapterBuilder
14:39:21:325  INFO 20740 --- [hm-cart] [main] com.george.cart.CartApplication          : Starting CartApplication using Java 21.0.11 with PID 20740 (E:\download\SpringCloud\day02-Docker\Source\hmall\hm-cart\target\classes started by lindu in E:\download\SpringCloud\day02-Docker\Source\hmall)
14:39:21:326  INFO 20740 --- [hm-cart] [main] com.george.cart.CartApplication          : The following 1 profile is active: "local"
14:39:22:054  INFO 20740 --- [hm-cart] [main] .s.d.r.c.RepositoryConfigurationDelegate : Multiple Spring Data modules found, entering strict repository configuration mode
14:39:22:057  INFO 20740 --- [hm-cart] [main] .s.d.r.c.RepositoryConfigurationDelegate : Bootstrapping Spring Data Redis repositories in DEFAULT mode.
14:39:22:084  INFO 20740 --- [hm-cart] [main] .s.d.r.c.RepositoryConfigurationDelegate : Finished Spring Data repository scanning in 14 ms. Found 0 Redis repository interfaces.
14:39:22:255  INFO 20740 --- [hm-cart] [main] o.s.cloud.context.scope.GenericScope     : BeanFactory id=5114f614-1438-3590-bb91-12f4fe31b2ca
14:39:22:604  INFO 20740 --- [hm-cart] [main] o.s.b.w.embedded.tomcat.TomcatWebServer  : Tomcat initialized with port 9002 (http)
14:39:22:617  INFO 20740 --- [hm-cart] [main] o.apache.catalina.core.StandardService   : Starting service [Tomcat]
14:39:22:624  INFO 20740 --- [hm-cart] [main] o.apache.catalina.core.StandardEngine    : Starting Servlet engine: [Apache Tomcat/10.1.55]
14:39:22:701  INFO 20740 --- [hm-cart] [main] o.a.c.c.C.[Tomcat].[localhost].[/]       : Initializing Spring embedded WebApplicationContext
14:39:22:701  INFO 20740 --- [hm-cart] [main] w.s.c.ServletWebServerApplicationContext : Root WebApplicationContext: initialization completed in 1329 ms
14:39:23:373  INFO 20740 --- [hm-cart] [main] m.e.s.MybatisPlusApplicationContextAware : Register ApplicationContext instances org.springframework.boot.web.servlet.context.AnnotationConfigServletWebServerApplicationContext@3d08f3f5
14:39:23:802  INFO 20740 --- [hm-cart] [main] o.s.b.w.embedded.tomcat.TomcatWebServer  : Tomcat started on port 9002 (http) with context path '/'
14:39:23:844  INFO 20740 --- [hm-cart] [main] c.a.n.p.a.s.c.ClientAuthPluginManager    : [ClientAuthPluginManager] Load ClientAuthService com.alibaba.nacos.client.auth.impl.NacosClientAuthServiceImpl success.
14:39:23:844  INFO 20740 --- [hm-cart] [main] c.a.n.p.a.s.c.ClientAuthPluginManager    : [ClientAuthPluginManager] Load ClientAuthService com.alibaba.nacos.client.auth.ram.RamClientAuthServiceImpl success.
14:39:24:405  INFO 20740 --- [hm-cart] [main] c.a.n.c.a.AbstractAbilityControlManager  : Ready to get current node abilities...
14:39:24:407  INFO 20740 --- [hm-cart] [main] c.a.n.c.a.AbstractAbilityControlManager  : Ready to initialize current node abilities, support modes: [SDK_CLIENT]
14:39:24:408  INFO 20740 --- [hm-cart] [main] c.a.n.c.a.AbstractAbilityControlManager  : Initialize current abilities finish...
14:39:24:408  INFO 20740 --- [hm-cart] [main] c.a.n.c.a.d.NacosAbilityManagerHolder    : [AbilityControlManager] Successfully initialize AbilityControlManager
14:39:24:449  INFO 20740 --- [hm-cart] [main] c.a.c.n.registry.NacosServiceRegistry    : nacos registry, DEFAULT_GROUP hm-cart 192.168.108.1:9002 register finished
14:39:24:458  INFO 20740 --- [hm-cart] [main] com.george.cart.CartApplication          : Started CartApplication in 3.806 seconds (process running for 4.326)
14:39:42:721  INFO 20740 --- [hm-cart] [http-nio-9002-exec-2] o.a.c.c.C.[Tomcat].[localhost].[/]       : Initializing Spring DispatcherServlet 'dispatcherServlet'
14:39:42:721  INFO 20740 --- [hm-cart] [http-nio-9002-exec-2] o.s.web.servlet.DispatcherServlet        : Initializing Servlet 'dispatcherServlet'
14:39:42:722  INFO 20740 --- [hm-cart] [http-nio-9002-exec-2] o.s.web.servlet.DispatcherServlet        : Completed initialization in 1 ms
14:39:42:977  INFO 20740 --- [hm-cart] [http-nio-9002-exec-3] o.springdoc.api.AbstractOpenApiResource  : Init duration for springdoc-openapi is: 155 ms
14:40:25:961  INFO 20740 --- [hm-cart] [http-nio-9002-exec-6] com.zaxxer.hikari.HikariDataSource       : HikariPool-1 - Starting...
14:40:26:402  INFO 20740 --- [hm-cart] [http-nio-9002-exec-6] com.zaxxer.hikari.pool.HikariPool        : HikariPool-1 - Added connection com.mysql.cj.jdbc.ConnectionImpl@6f503016
14:40:26:404  INFO 20740 --- [hm-cart] [http-nio-9002-exec-6] com.zaxxer.hikari.HikariDataSource       : HikariPool-1 - Start completed.
15:00:27:000  WARN 20740 --- [hm-cart] [Thread-16] c.a.nacos.common.notify.NotifyCenter     : [NotifyCenter] Start destroying Publisher
15:00:27:001  WARN 20740 --- [hm-cart] [Thread-2] c.a.n.common.executor.ThreadPoolManager  : [ThreadPoolManager] Start destroying ThreadPool
15:00:27:000  WARN 20740 --- [hm-cart] [Thread-18] c.a.n.common.http.HttpClientBeanHolder   : [HttpClientBeanHolder] Start destroying common HttpClient
15:00:27:001  WARN 20740 --- [hm-cart] [Thread-16] c.a.nacos.common.notify.NotifyCenter     : [NotifyCenter] Destruction of the end
15:00:27:001  WARN 20740 --- [hm-cart] [Thread-2] c.a.n.common.executor.ThreadPoolManager  : [ThreadPoolManager] Destruction of the end
15:00:27:002  WARN 20740 --- [hm-cart] [Thread-18] c.a.n.common.http.HttpClientBeanHolder   : [HttpClientBeanHolder] Destruction of the end
15:00:27:003  INFO 20740 --- [hm-cart] [SpringApplicationShutdownHook] c.a.c.n.registry.NacosServiceRegistry    : De-registering from Nacos Server now...
15:00:27:014  INFO 20740 --- [hm-cart] [SpringApplicationShutdownHook] c.a.c.n.registry.NacosServiceRegistry    : De-registration finished.
15:00:34:871  INFO 4204 --- [hm-cart] [main] c.a.nacos.client.logging.NacosLogging    : Nacos Logging Adapter Builder: com.alibaba.nacos.logger.adapter.logback12.LogbackNacosLoggingAdapterBuilder
15:00:34:879  INFO 4204 --- [hm-cart] [main] c.a.nacos.client.logging.NacosLogging    : Nacos Logging Adapter Builder: com.alibaba.nacos.logger.adapter.logback14.LogbackNacosLoggingAdapterBuilder
15:00:34:880  INFO 4204 --- [hm-cart] [main] c.a.nacos.client.logging.NacosLogging    : Nacos Logging Adapter: com.alibaba.nacos.logger.adapter.logback14.LogbackNacosLoggingAdapter match ch.qos.logback.classic.Logger success.
15:00:34:885  INFO 4204 --- [hm-cart] [main] c.a.nacos.client.logging.NacosLogging    : Nacos Logging Adapter Builder: com.alibaba.nacos.logger.adapter.log4j2.Log4j2NacosLoggingAdapterBuilder
15:00:35:059  INFO 4204 --- [hm-cart] [main] com.george.cart.CartApplication          : Starting CartApplication using Java 21.0.11 with PID 4204 (E:\download\SpringCloud\day02-Docker\Source\hmall\hm-cart\target\classes started by lindu in E:\download\SpringCloud\day02-Docker\Source\hmall)
15:00:35:059  INFO 4204 --- [hm-cart] [main] com.george.cart.CartApplication          : The following 1 profile is active: "local"
15:00:35:772  INFO 4204 --- [hm-cart] [main] .s.d.r.c.RepositoryConfigurationDelegate : Multiple Spring Data modules found, entering strict repository configuration mode
15:00:35:775  INFO 4204 --- [hm-cart] [main] .s.d.r.c.RepositoryConfigurationDelegate : Bootstrapping Spring Data Redis repositories in DEFAULT mode.
15:00:35:803  INFO 4204 --- [hm-cart] [main] .s.d.r.c.RepositoryConfigurationDelegate : Finished Spring Data repository scanning in 15 ms. Found 0 Redis repository interfaces.
15:00:35:999  INFO 4204 --- [hm-cart] [main] o.s.cloud.context.scope.GenericScope     : BeanFactory id=f31bdd6f-a2ca-383b-ba61-ffe675e7d017
15:00:36:334  INFO 4204 --- [hm-cart] [main] o.s.b.w.embedded.tomcat.TomcatWebServer  : Tomcat initialized with port 9002 (http)
15:00:36:348  INFO 4204 --- [hm-cart] [main] o.apache.catalina.core.StandardService   : Starting service [Tomcat]
15:00:36:348  INFO 4204 --- [hm-cart] [main] o.apache.catalina.core.StandardEngine    : Starting Servlet engine: [Apache Tomcat/10.1.55]
15:00:36:417  INFO 4204 --- [hm-cart] [main] o.a.c.c.C.[Tomcat].[localhost].[/]       : Initializing Spring embedded WebApplicationContext
15:00:36:418  INFO 4204 --- [hm-cart] [main] w.s.c.ServletWebServerApplicationContext : Root WebApplicationContext: initialization completed in 1321 ms
15:00:36:493  WARN 4204 --- [hm-cart] [main] ConfigServletWebServerApplicationContext : Exception encountered during context initialization - cancelling refresh attempt: org.springframework.beans.factory.UnsatisfiedDependencyException: Error creating bean with name 'cartController' defined in file [E:\download\SpringCloud\day02-Docker\Source\hmall\hm-cart\target\classes\com\george\cart\controller\CartController.class]: Unsatisfied dependency expressed through constructor parameter 0: Error creating bean with name 'cartServiceImpl' defined in file [E:\download\SpringCloud\day02-Docker\Source\hmall\hm-cart\target\classes\com\george\cart\service\impl\CartServiceImpl.class]: Unsatisfied dependency expressed through constructor parameter 0: No qualifying bean of type 'com.george.cart.client.ItemClient' available: expected at least 1 bean which qualifies as autowire candidate. Dependency annotations: {}
15:00:36:496  INFO 4204 --- [hm-cart] [main] o.apache.catalina.core.StandardService   : Stopping service [Tomcat]
15:00:36:516  INFO 4204 --- [hm-cart] [main] .s.b.a.l.ConditionEvaluationReportLogger : 

Error starting ApplicationContext. To display the condition evaluation report re-run your application with 'debug' enabled.
15:00:36:537 ERROR 4204 --- [hm-cart] [main] o.s.b.d.LoggingFailureAnalysisReporter   : 

***************************
APPLICATION FAILED TO START
***************************

Description:

Parameter 0 of constructor in com.george.cart.service.impl.CartServiceImpl required a bean of type 'com.george.cart.client.ItemClient' that could not be found.


Action:

Consider defining a bean of type 'com.george.cart.client.ItemClient' in your configuration.

15:00:36:538  WARN 4204 --- [hm-cart] [Thread-2] c.a.n.common.executor.ThreadPoolManager  : [ThreadPoolManager] Start destroying ThreadPool
15:00:36:539  WARN 4204 --- [hm-cart] [Thread-2] c.a.n.common.executor.ThreadPoolManager  : [ThreadPoolManager] Destruction of the end
15:00:42:519  INFO 21708 --- [hm-cart] [main] c.a.nacos.client.logging.NacosLogging    : Nacos Logging Adapter Builder: com.alibaba.nacos.logger.adapter.logback12.LogbackNacosLoggingAdapterBuilder
15:00:42:526  INFO 21708 --- [hm-cart] [main] c.a.nacos.client.logging.NacosLogging    : Nacos Logging Adapter Builder: com.alibaba.nacos.logger.adapter.logback14.LogbackNacosLoggingAdapterBuilder
15:00:42:527  INFO 21708 --- [hm-cart] [main] c.a.nacos.client.logging.NacosLogging    : Nacos Logging Adapter: com.alibaba.nacos.logger.adapter.logback14.LogbackNacosLoggingAdapter match ch.qos.logback.classic.Logger success.
15:00:42:533  INFO 21708 --- [hm-cart] [main] c.a.nacos.client.logging.NacosLogging    : Nacos Logging Adapter Builder: com.alibaba.nacos.logger.adapter.log4j2.Log4j2NacosLoggingAdapterBuilder
15:00:42:698  INFO 21708 --- [hm-cart] [main] com.george.cart.CartApplication          : Starting CartApplication using Java 21.0.11 with PID 21708 (E:\download\SpringCloud\day02-Docker\Source\hmall\hm-cart\target\classes started by lindu in E:\download\SpringCloud\day02-Docker\Source\hmall)
15:00:42:699  INFO 21708 --- [hm-cart] [main] com.george.cart.CartApplication          : The following 1 profile is active: "local"
15:00:43:403  INFO 21708 --- [hm-cart] [main] .s.d.r.c.RepositoryConfigurationDelegate : Multiple Spring Data modules found, entering strict repository configuration mode
15:00:43:405  INFO 21708 --- [hm-cart] [main] .s.d.r.c.RepositoryConfigurationDelegate : Bootstrapping Spring Data Redis repositories in DEFAULT mode.
15:00:43:433  INFO 21708 --- [hm-cart] [main] .s.d.r.c.RepositoryConfigurationDelegate : Finished Spring Data repository scanning in 15 ms. Found 0 Redis repository interfaces.
15:00:43:628  INFO 21708 --- [hm-cart] [main] o.s.cloud.context.scope.GenericScope     : BeanFactory id=f31bdd6f-a2ca-383b-ba61-ffe675e7d017
15:00:43:958  INFO 21708 --- [hm-cart] [main] o.s.b.w.embedded.tomcat.TomcatWebServer  : Tomcat initialized with port 9002 (http)
15:00:43:971  INFO 21708 --- [hm-cart] [main] o.apache.catalina.core.StandardService   : Starting service [Tomcat]
15:00:43:971  INFO 21708 --- [hm-cart] [main] o.apache.catalina.core.StandardEngine    : Starting Servlet engine: [Apache Tomcat/10.1.55]
15:00:44:046  INFO 21708 --- [hm-cart] [main] o.a.c.c.C.[Tomcat].[localhost].[/]       : Initializing Spring embedded WebApplicationContext
15:00:44:046  INFO 21708 --- [hm-cart] [main] w.s.c.ServletWebServerApplicationContext : Root WebApplicationContext: initialization completed in 1309 ms
15:00:44:111  WARN 21708 --- [hm-cart] [main] ConfigServletWebServerApplicationContext : Exception encountered during context initialization - cancelling refresh attempt: org.springframework.beans.factory.UnsatisfiedDependencyException: Error creating bean with name 'cartController' defined in file [E:\download\SpringCloud\day02-Docker\Source\hmall\hm-cart\target\classes\com\george\cart\controller\CartController.class]: Unsatisfied dependency expressed through constructor parameter 0: Error creating bean with name 'cartServiceImpl' defined in file [E:\download\SpringCloud\day02-Docker\Source\hmall\hm-cart\target\classes\com\george\cart\service\impl\CartServiceImpl.class]: Unsatisfied dependency expressed through constructor parameter 0: No qualifying bean of type 'com.george.cart.client.ItemClient' available: expected at least 1 bean which qualifies as autowire candidate. Dependency annotations: {}
15:00:44:113  INFO 21708 --- [hm-cart] [main] o.apache.catalina.core.StandardService   : Stopping service [Tomcat]
15:00:44:126  INFO 21708 --- [hm-cart] [main] .s.b.a.l.ConditionEvaluationReportLogger : 

Error starting ApplicationContext. To display the condition evaluation report re-run your application with 'debug' enabled.
15:00:44:143 ERROR 21708 --- [hm-cart] [main] o.s.b.d.LoggingFailureAnalysisReporter   : 

***************************
APPLICATION FAILED TO START
***************************

Description:

Parameter 0 of constructor in com.george.cart.service.impl.CartServiceImpl required a bean of type 'com.george.cart.client.ItemClient' that could not be found.


Action:

Consider defining a bean of type 'com.george.cart.client.ItemClient' in your configuration.

15:00:44:144  WARN 21708 --- [hm-cart] [Thread-2] c.a.n.common.executor.ThreadPoolManager  : [ThreadPoolManager] Start destroying ThreadPool
15:00:44:145  WARN 21708 --- [hm-cart] [Thread-2] c.a.n.common.executor.ThreadPoolManager  : [ThreadPoolManager] Destruction of the end
15:01:42:097  INFO 10308 --- [hm-cart] [main] c.a.nacos.client.logging.NacosLogging    : Nacos Logging Adapter Builder: com.alibaba.nacos.logger.adapter.logback12.LogbackNacosLoggingAdapterBuilder
15:01:42:104  INFO 10308 --- [hm-cart] [main] c.a.nacos.client.logging.NacosLogging    : Nacos Logging Adapter Builder: com.alibaba.nacos.logger.adapter.logback14.LogbackNacosLoggingAdapterBuilder
15:01:42:105  INFO 10308 --- [hm-cart] [main] c.a.nacos.client.logging.NacosLogging    : Nacos Logging Adapter: com.alibaba.nacos.logger.adapter.logback14.LogbackNacosLoggingAdapter match ch.qos.logback.classic.Logger success.
15:01:42:112  INFO 10308 --- [hm-cart] [main] c.a.nacos.client.logging.NacosLogging    : Nacos Logging Adapter Builder: com.alibaba.nacos.logger.adapter.log4j2.Log4j2NacosLoggingAdapterBuilder
15:01:42:290  INFO 10308 --- [hm-cart] [main] com.george.cart.CartApplication          : Starting CartApplication using Java 21.0.11 with PID 10308 (E:\download\SpringCloud\day02-Docker\Source\hmall\hm-cart\target\classes started by lindu in E:\download\SpringCloud\day02-Docker\Source\hmall)
15:01:42:291  INFO 10308 --- [hm-cart] [main] com.george.cart.CartApplication          : The following 1 profile is active: "local"
15:01:43:039  INFO 10308 --- [hm-cart] [main] .s.d.r.c.RepositoryConfigurationDelegate : Multiple Spring Data modules found, entering strict repository configuration mode
15:01:43:040  INFO 10308 --- [hm-cart] [main] .s.d.r.c.RepositoryConfigurationDelegate : Bootstrapping Spring Data Redis repositories in DEFAULT mode.
15:01:43:068  INFO 10308 --- [hm-cart] [main] .s.d.r.c.RepositoryConfigurationDelegate : Finished Spring Data repository scanning in 15 ms. Found 0 Redis repository interfaces.
15:01:43:247  INFO 10308 --- [hm-cart] [main] o.s.cloud.context.scope.GenericScope     : BeanFactory id=f31bdd6f-a2ca-383b-ba61-ffe675e7d017
15:01:43:596  INFO 10308 --- [hm-cart] [main] o.s.b.w.embedded.tomcat.TomcatWebServer  : Tomcat initialized with port 9002 (http)
15:01:43:609  INFO 10308 --- [hm-cart] [main] o.apache.catalina.core.StandardService   : Starting service [Tomcat]
15:01:43:609  INFO 10308 --- [hm-cart] [main] o.apache.catalina.core.StandardEngine    : Starting Servlet engine: [Apache Tomcat/10.1.55]
15:01:43:679  INFO 10308 --- [hm-cart] [main] o.a.c.c.C.[Tomcat].[localhost].[/]       : Initializing Spring embedded WebApplicationContext
15:01:43:679  INFO 10308 --- [hm-cart] [main] w.s.c.ServletWebServerApplicationContext : Root WebApplicationContext: initialization completed in 1338 ms
15:01:43:745  WARN 10308 --- [hm-cart] [main] ConfigServletWebServerApplicationContext : Exception encountered during context initialization - cancelling refresh attempt: org.springframework.beans.factory.UnsatisfiedDependencyException: Error creating bean with name 'cartController' defined in file [E:\download\SpringCloud\day02-Docker\Source\hmall\hm-cart\target\classes\com\george\cart\controller\CartController.class]: Unsatisfied dependency expressed through constructor parameter 0: Error creating bean with name 'cartServiceImpl' defined in file [E:\download\SpringCloud\day02-Docker\Source\hmall\hm-cart\target\classes\com\george\cart\service\impl\CartServiceImpl.class]: Unsatisfied dependency expressed through constructor parameter 0: No qualifying bean of type 'com.george.cart.client.ItemClient' available: expected at least 1 bean which qualifies as autowire candidate. Dependency annotations: {}
15:01:43:748  INFO 10308 --- [hm-cart] [main] o.apache.catalina.core.StandardService   : Stopping service [Tomcat]
15:01:43:761  INFO 10308 --- [hm-cart] [main] .s.b.a.l.ConditionEvaluationReportLogger : 

Error starting ApplicationContext. To display the condition evaluation report re-run your application with 'debug' enabled.
15:01:43:778 ERROR 10308 --- [hm-cart] [main] o.s.b.d.LoggingFailureAnalysisReporter   : 

***************************
APPLICATION FAILED TO START
***************************

Description:

Parameter 0 of constructor in com.george.cart.service.impl.CartServiceImpl required a bean of type 'com.george.cart.client.ItemClient' that could not be found.


Action:

Consider defining a bean of type 'com.george.cart.client.ItemClient' in your configuration.

15:01:43:779  WARN 10308 --- [hm-cart] [Thread-2] c.a.n.common.executor.ThreadPoolManager  : [ThreadPoolManager] Start destroying ThreadPool
15:01:43:780  WARN 10308 --- [hm-cart] [Thread-2] c.a.n.common.executor.ThreadPoolManager  : [ThreadPoolManager] Destruction of the end
15:05:28:715  INFO 22492 --- [hm-cart] [main] c.a.nacos.client.logging.NacosLogging    : Nacos Logging Adapter Builder: com.alibaba.nacos.logger.adapter.logback12.LogbackNacosLoggingAdapterBuilder
15:05:28:721  INFO 22492 --- [hm-cart] [main] c.a.nacos.client.logging.NacosLogging    : Nacos Logging Adapter Builder: com.alibaba.nacos.logger.adapter.logback14.LogbackNacosLoggingAdapterBuilder
15:05:28:722  INFO 22492 --- [hm-cart] [main] c.a.nacos.client.logging.NacosLogging    : Nacos Logging Adapter: com.alibaba.nacos.logger.adapter.logback14.LogbackNacosLoggingAdapter match ch.qos.logback.classic.Logger success.
15:05:28:727  INFO 22492 --- [hm-cart] [main] c.a.nacos.client.logging.NacosLogging    : Nacos Logging Adapter Builder: com.alibaba.nacos.logger.adapter.log4j2.Log4j2NacosLoggingAdapterBuilder
15:05:28:897  INFO 22492 --- [hm-cart] [main] com.george.cart.CartApplication          : Starting CartApplication using Java 21.0.11 with PID 22492 (E:\download\SpringCloud\day02-Docker\Source\hmall\hm-cart\target\classes started by lindu in E:\download\SpringCloud\day02-Docker\Source\hmall)
15:05:28:898  INFO 22492 --- [hm-cart] [main] com.george.cart.CartApplication          : The following 1 profile is active: "local"
15:05:29:629  INFO 22492 --- [hm-cart] [main] .s.d.r.c.RepositoryConfigurationDelegate : Multiple Spring Data modules found, entering strict repository configuration mode
15:05:29:632  INFO 22492 --- [hm-cart] [main] .s.d.r.c.RepositoryConfigurationDelegate : Bootstrapping Spring Data Redis repositories in DEFAULT mode.
15:05:29:659  INFO 22492 --- [hm-cart] [main] .s.d.r.c.RepositoryConfigurationDelegate : Finished Spring Data repository scanning in 15 ms. Found 0 Redis repository interfaces.
15:05:29:883  INFO 22492 --- [hm-cart] [main] o.s.cloud.context.scope.GenericScope     : BeanFactory id=85125856-e7bf-37f5-bb2f-f257b6cd7558
15:05:30:217  INFO 22492 --- [hm-cart] [main] o.s.b.w.embedded.tomcat.TomcatWebServer  : Tomcat initialized with port 9002 (http)
15:05:30:232  INFO 22492 --- [hm-cart] [main] o.apache.catalina.core.StandardService   : Starting service [Tomcat]
15:05:30:232  INFO 22492 --- [hm-cart] [main] o.apache.catalina.core.StandardEngine    : Starting Servlet engine: [Apache Tomcat/10.1.55]
15:05:30:321  INFO 22492 --- [hm-cart] [main] o.a.c.c.C.[Tomcat].[localhost].[/]       : Initializing Spring embedded WebApplicationContext
15:05:30:321  INFO 22492 --- [hm-cart] [main] w.s.c.ServletWebServerApplicationContext : Root WebApplicationContext: initialization completed in 1384 ms
15:05:30:578  INFO 22492 --- [hm-cart] [main] o.s.c.openfeign.FeignClientFactoryBean   : For 'hm-item' URL not provided. Will try picking an instance via load-balancing.
15:05:31:188  INFO 22492 --- [hm-cart] [main] m.e.s.MybatisPlusApplicationContextAware : Register ApplicationContext instances org.springframework.boot.web.servlet.context.AnnotationConfigServletWebServerApplicationContext@44a2b17b
15:05:31:629  INFO 22492 --- [hm-cart] [main] o.s.b.w.embedded.tomcat.TomcatWebServer  : Tomcat started on port 9002 (http) with context path '/'
15:05:31:669  INFO 22492 --- [hm-cart] [main] c.a.n.p.a.s.c.ClientAuthPluginManager    : [ClientAuthPluginManager] Load ClientAuthService com.alibaba.nacos.client.auth.impl.NacosClientAuthServiceImpl success.
15:05:31:669  INFO 22492 --- [hm-cart] [main] c.a.n.p.a.s.c.ClientAuthPluginManager    : [ClientAuthPluginManager] Load ClientAuthService com.alibaba.nacos.client.auth.ram.RamClientAuthServiceImpl success.
15:05:32:217  INFO 22492 --- [hm-cart] [main] c.a.n.c.a.AbstractAbilityControlManager  : Ready to get current node abilities...
15:05:32:219  INFO 22492 --- [hm-cart] [main] c.a.n.c.a.AbstractAbilityControlManager  : Ready to initialize current node abilities, support modes: [SDK_CLIENT]
15:05:32:220  INFO 22492 --- [hm-cart] [main] c.a.n.c.a.AbstractAbilityControlManager  : Initialize current abilities finish...
15:05:32:220  INFO 22492 --- [hm-cart] [main] c.a.n.c.a.d.NacosAbilityManagerHolder    : [AbilityControlManager] Successfully initialize AbilityControlManager
15:05:32:263  INFO 22492 --- [hm-cart] [main] c.a.c.n.registry.NacosServiceRegistry    : nacos registry, DEFAULT_GROUP hm-cart 192.168.108.1:9002 register finished
15:05:32:276  INFO 22492 --- [hm-cart] [main] com.george.cart.CartApplication          : Started CartApplication in 3.996 seconds (process running for 4.627)
15:06:21:333  INFO 22492 --- [hm-cart] [http-nio-9002-exec-1] o.a.c.c.C.[Tomcat].[localhost].[/]       : Initializing Spring DispatcherServlet 'dispatcherServlet'
15:06:21:334  INFO 22492 --- [hm-cart] [http-nio-9002-exec-1] o.s.web.servlet.DispatcherServlet        : Initializing Servlet 'dispatcherServlet'
15:06:21:335  INFO 22492 --- [hm-cart] [http-nio-9002-exec-1] o.s.web.servlet.DispatcherServlet        : Completed initialization in 1 ms
15:06:21:437  INFO 22492 --- [hm-cart] [http-nio-9002-exec-1] com.zaxxer.hikari.HikariDataSource       : HikariPool-1 - Starting...
15:06:21:703  INFO 22492 --- [hm-cart] [http-nio-9002-exec-1] com.zaxxer.hikari.pool.HikariPool        : HikariPool-1 - Added connection com.mysql.cj.jdbc.ConnectionImpl@341c269b
15:06:21:704  INFO 22492 --- [hm-cart] [http-nio-9002-exec-1] com.zaxxer.hikari.HikariDataSource       : HikariPool-1 - Start completed.
15:46:07:682  WARN 22492 --- [hm-cart] [Thread-18] c.a.n.common.http.HttpClientBeanHolder   : [HttpClientBeanHolder] Start destroying common HttpClient
15:46:07:682  WARN 22492 --- [hm-cart] [Thread-2] c.a.n.common.executor.ThreadPoolManager  : [ThreadPoolManager] Start destroying ThreadPool
15:46:07:683  WARN 22492 --- [hm-cart] [Thread-16] c.a.nacos.common.notify.NotifyCenter     : [NotifyCenter] Start destroying Publisher
15:46:07:683  WARN 22492 --- [hm-cart] [Thread-16] c.a.nacos.common.notify.NotifyCenter     : [NotifyCenter] Destruction of the end
15:46:07:683  WARN 22492 --- [hm-cart] [Thread-2] c.a.n.common.executor.ThreadPoolManager  : [ThreadPoolManager] Destruction of the end
15:46:07:683  WARN 22492 --- [hm-cart] [Thread-18] c.a.n.common.http.HttpClientBeanHolder   : [HttpClientBeanHolder] Destruction of the end
15:46:07:685  INFO 22492 --- [hm-cart] [SpringApplicationShutdownHook] c.a.c.n.registry.NacosServiceRegistry    : De-registering from Nacos Server now...
15:46:07:696  INFO 22492 --- [hm-cart] [SpringApplicationShutdownHook] c.a.c.n.registry.NacosServiceRegistry    : De-registration finished.
15:46:17:705  INFO 22492 --- [hm-cart] [SpringApplicationShutdownHook] o.s.b.w.e.tomcat.GracefulShutdown        : Commencing graceful shutdown. Waiting for active requests to complete
15:46:17:709  INFO 22492 --- [hm-cart] [tomcat-shutdown] o.s.b.w.e.tomcat.GracefulShutdown        : Graceful shutdown complete
15:46:17:730  INFO 22492 --- [hm-cart] [SpringApplicationShutdownHook] com.zaxxer.hikari.HikariDataSource       : HikariPool-1 - Shutdown initiated...
15:46:17:732  INFO 22492 --- [hm-cart] [SpringApplicationShutdownHook] com.zaxxer.hikari.HikariDataSource       : HikariPool-1 - Shutdown completed.
17:24:50:312  INFO 19348 --- [hm-cart] [main] c.a.nacos.client.logging.NacosLogging    : Nacos Logging Adapter Builder: com.alibaba.nacos.logger.adapter.logback12.LogbackNacosLoggingAdapterBuilder
17:24:50:321  INFO 19348 --- [hm-cart] [main] c.a.nacos.client.logging.NacosLogging    : Nacos Logging Adapter Builder: com.alibaba.nacos.logger.adapter.logback14.LogbackNacosLoggingAdapterBuilder
17:24:50:322  INFO 19348 --- [hm-cart] [main] c.a.nacos.client.logging.NacosLogging    : Nacos Logging Adapter: com.alibaba.nacos.logger.adapter.logback14.LogbackNacosLoggingAdapter match ch.qos.logback.classic.Logger success.
17:24:50:330  INFO 19348 --- [hm-cart] [main] c.a.nacos.client.logging.NacosLogging    : Nacos Logging Adapter Builder: com.alibaba.nacos.logger.adapter.log4j2.Log4j2NacosLoggingAdapterBuilder
17:24:50:502  INFO 19348 --- [hm-cart] [main] com.george.cart.CartApplication          : Starting CartApplication using Java 21.0.11 with PID 19348 (E:\download\SpringCloud\day02-Docker\Source\hmall\hm-cart\target\classes started by lindu in E:\download\SpringCloud\day02-Docker\Source\hmall)
17:24:50:503  INFO 19348 --- [hm-cart] [main] com.george.cart.CartApplication          : The following 1 profile is active: "local"
17:24:51:392  INFO 19348 --- [hm-cart] [main] .s.d.r.c.RepositoryConfigurationDelegate : Multiple Spring Data modules found, entering strict repository configuration mode
17:24:51:396  INFO 19348 --- [hm-cart] [main] .s.d.r.c.RepositoryConfigurationDelegate : Bootstrapping Spring Data Redis repositories in DEFAULT mode.
17:24:51:427  INFO 19348 --- [hm-cart] [main] .s.d.r.c.RepositoryConfigurationDelegate : Finished Spring Data repository scanning in 18 ms. Found 0 Redis repository interfaces.
17:24:51:725  INFO 19348 --- [hm-cart] [main] o.s.cloud.context.scope.GenericScope     : BeanFactory id=85125856-e7bf-37f5-bb2f-f257b6cd7558
17:24:52:117  INFO 19348 --- [hm-cart] [main] o.s.b.w.embedded.tomcat.TomcatWebServer  : Tomcat initialized with port 9002 (http)
17:24:52:131  INFO 19348 --- [hm-cart] [main] o.apache.catalina.core.StandardService   : Starting service [Tomcat]
17:24:52:131  INFO 19348 --- [hm-cart] [main] o.apache.catalina.core.StandardEngine    : Starting Servlet engine: [Apache Tomcat/10.1.55]
17:24:52:200  INFO 19348 --- [hm-cart] [main] o.a.c.c.C.[Tomcat].[localhost].[/]       : Initializing Spring embedded WebApplicationContext
17:24:52:201  INFO 19348 --- [hm-cart] [main] w.s.c.ServletWebServerApplicationContext : Root WebApplicationContext: initialization completed in 1654 ms
17:24:52:458  INFO 19348 --- [hm-cart] [main] o.s.c.openfeign.FeignClientFactoryBean   : For 'hm-item' URL not provided. Will try picking an instance via load-balancing.
17:24:53:111  INFO 19348 --- [hm-cart] [main] m.e.s.MybatisPlusApplicationContextAware : Register ApplicationContext instances org.springframework.boot.web.servlet.context.AnnotationConfigServletWebServerApplicationContext@e6516e
17:24:53:596  INFO 19348 --- [hm-cart] [main] o.s.b.w.embedded.tomcat.TomcatWebServer  : Tomcat started on port 9002 (http) with context path '/'
17:24:53:637  INFO 19348 --- [hm-cart] [main] c.a.n.p.a.s.c.ClientAuthPluginManager    : [ClientAuthPluginManager] Load ClientAuthService com.alibaba.nacos.client.auth.impl.NacosClientAuthServiceImpl success.
17:24:53:637  INFO 19348 --- [hm-cart] [main] c.a.n.p.a.s.c.ClientAuthPluginManager    : [ClientAuthPluginManager] Load ClientAuthService com.alibaba.nacos.client.auth.ram.RamClientAuthServiceImpl success.
17:24:54:593  INFO 19348 --- [hm-cart] [main] c.a.n.c.a.AbstractAbilityControlManager  : Ready to get current node abilities...
17:24:54:595  INFO 19348 --- [hm-cart] [main] c.a.n.c.a.AbstractAbilityControlManager  : Ready to initialize current node abilities, support modes: [SDK_CLIENT]
17:24:54:596  INFO 19348 --- [hm-cart] [main] c.a.n.c.a.AbstractAbilityControlManager  : Initialize current abilities finish...
17:24:54:596  INFO 19348 --- [hm-cart] [main] c.a.n.c.a.d.NacosAbilityManagerHolder    : [AbilityControlManager] Successfully initialize AbilityControlManager
17:24:54:639  INFO 19348 --- [hm-cart] [main] c.a.c.n.registry.NacosServiceRegistry    : nacos registry, DEFAULT_GROUP hm-cart 192.168.108.1:9002 register finished
17:24:54:653  INFO 19348 --- [hm-cart] [main] com.george.cart.CartApplication          : Started CartApplication in 4.81 seconds (process running for 5.62)
17:33:36:955  WARN 19348 --- [hm-cart] [Thread-16] c.a.nacos.common.notify.NotifyCenter     : [NotifyCenter] Start destroying Publisher
17:33:36:955  WARN 19348 --- [hm-cart] [Thread-18] c.a.n.common.http.HttpClientBeanHolder   : [HttpClientBeanHolder] Start destroying common HttpClient
17:33:36:954  WARN 19348 --- [hm-cart] [Thread-2] c.a.n.common.executor.ThreadPoolManager  : [ThreadPoolManager] Start destroying ThreadPool
17:33:36:955  WARN 19348 --- [hm-cart] [Thread-16] c.a.nacos.common.notify.NotifyCenter     : [NotifyCenter] Destruction of the end
17:33:36:955  WARN 19348 --- [hm-cart] [Thread-2] c.a.n.common.executor.ThreadPoolManager  : [ThreadPoolManager] Destruction of the end
17:33:36:956  WARN 19348 --- [hm-cart] [Thread-18] c.a.n.common.http.HttpClientBeanHolder   : [HttpClientBeanHolder] Destruction of the end
17:33:36:958  INFO 19348 --- [hm-cart] [SpringApplicationShutdownHook] c.a.c.n.registry.NacosServiceRegistry    : De-registering from Nacos Server now...
17:33:36:969  INFO 19348 --- [hm-cart] [SpringApplicationShutdownHook] c.a.c.n.registry.NacosServiceRegistry    : De-registration finished.
